INFO:Detectors:
Detector: incorrect-equality
Ledger.escapeActive() (src/ledger/Ledger.sol#229-233) uses a dangerous strict equality:
	- at == 0 (src/ledger/Ledger.sol#231)
Ledger.escapeIn() (src/ledger/Ledger.sol#235-240) uses a dangerous strict equality:
	- at == 0 (src/ledger/Ledger.sol#237)
Ledger.withdrawCash(uint256,Ledger.BalanceProof) (src/ledger/Ledger.sol#263-288) uses a dangerous strict equality:
	- pay == 0 (src/ledger/Ledger.sol#284)
Reference: https://github.com/crytic/slither/wiki/Detector-Documentation#dangerous-strict-equalities
INFO:Detectors:
Detector: timestamp
Ledger.escapeActive() (src/ledger/Ledger.sol#229-233) uses timestamp for comparisons
	Dangerous comparisons:
	- at == 0 (src/ledger/Ledger.sol#231)
	- block.timestamp > uint256(at) + ESCAPE_AFTER (src/ledger/Ledger.sol#232)
Ledger.escapeIn() (src/ledger/Ledger.sol#235-240) uses timestamp for comparisons
	Dangerous comparisons:
	- at == 0 (src/ledger/Ledger.sol#237)
	- block.timestamp >= t (src/ledger/Ledger.sol#239)
Ledger.withdrawCash(uint256,Ledger.BalanceProof) (src/ledger/Ledger.sol#263-288) uses timestamp for comparisons
	Dangerous comparisons:
	- ! withdrawalsEnabled && ! escape (src/ledger/Ledger.sol#265)
Ledger.claimCredits(uint256,Ledger.BalanceProof,Ledger.CreditProof) (src/ledger/Ledger.sol#319-337) uses timestamp for comparisons
	Dangerous comparisons:
	- ! withdrawalsEnabled && ! escape (src/ledger/Ledger.sol#321)
	- root != _commitments[p.proofEpoch].registryRoot (src/ledger/Ledger.sol#331)
Reference: https://github.com/crytic/slither/wiki/Detector-Documentation#block-timestamp
INFO:Slither:. analyzed (53 contracts with 102 detectors), 7 result(s) found
